// Jest Snapshot v1, https://goo.gl/fbAQLP

exports[`a game is played: Initial game 1`] = `
Array [
  Array [
    "red,laser,D",
    "",
    "",
    "",
    "red,block,D",
    "red,king",
    "red,block,D",
    "red,corner,RD",
    "",
    "",
  ],
  Array [
    "",
    "",
    "red,corner,DL",
    "",
    "",
    "",
    "",
    "",
    "",
    "",
  ],
  Array [
    "",
    "",
    "",
    "white,corner,LU",
    "",
    "",
    "",
    "",
    "",
    "",
  ],
  Array [
    "red,corner,UR",
    "",
    "white,corner,DL",
    "",
    "red,mirror,UR",
    "red,mirror,RD",
    "",
    "red,corner,RD",
    "",
    "white,corner,LU",
  ],
  Array [
    "red,corner,RD",
    "",
    "white,corner,LU",
    "",
    "white,mirror,LU",
    "white,mirror,DL",
    "",
    "red,corner,UR",
    "",
    "white,corner,DL",
  ],
  Array [
    "",
    "",
    "",
    "",
    "",
    "",
    "red,corner,RD",
    "",
    "",
    "",
  ],
  Array [
    "",
    "",
    "",
    "",
    "",
    "",
    "",
    "white,corner,UR",
    "",
    "",
  ],
  Array [
    "",
    "",
    "white,corner,LU",
    "white,block,U",
    "white,king",
    "white,block,U",
    "",
    "",
    "",
    "white,laser,U",
  ],
]
`;

exports[`a game is played: Initial game 2`] = `
Array [
  Array [
    "red,laser,D",
    "",
    "",
    "",
    "red,block,D",
    "red,king",
    "red,block,D",
    "red,corner,RD",
    "",
    "",
  ],
  Array [
    "",
    "",
    "red,corner,DL",
    "",
    "",
    "",
    "",
    "",
    "",
    "",
  ],
  Array [
    "",
    "",
    "",
    "white,corner,LU",
    "",
    "",
    "",
    "",
    "",
    "",
  ],
  Array [
    "red,corner,UR",
    "",
    "white,corner,DL",
    "",
    "red,mirror,UR",
    "red,mirror,RD",
    "",
    "red,corner,RD",
    "",
    "white,corner,LU",
  ],
  Array [
    "red,corner,RD",
    "",
    "white,corner,LU",
    "",
    "white,mirror,LU",
    "white,mirror,DL",
    "",
    "red,corner,UR",
    "",
    "white,corner,DL",
  ],
  Array [
    "",
    "",
    "",
    "",
    "",
    "",
    "red,corner,RD",
    "",
    "",
    "",
  ],
  Array [
    "",
    "",
    "",
    "",
    "",
    "",
    "",
    "white,corner,UR",
    "",
    "",
  ],
  Array [
    "",
    "",
    "white,corner,LU",
    "white,block,U",
    "white,king",
    "white,block,U",
    "",
    "",
    "",
    "white,laser,U",
  ],
]
`;

exports[`getUserInput is called: Initial game 1`] = `
Array [
  Array [
    "red,laser,D",
    "",
    "",
    "",
    "red,block,D",
    "red,king",
    "red,block,D",
    "red,corner,RD",
    "",
    "",
  ],
  Array [
    "",
    "",
    "red,corner,DL",
    "",
    "",
    "",
    "",
    "",
    "",
    "",
  ],
  Array [
    "",
    "",
    "",
    "white,corner,LU",
    "",
    "",
    "",
    "",
    "",
    "",
  ],
  Array [
    "red,corner,UR",
    "",
    "white,corner,DL",
    "",
    "red,mirror,UR",
    "red,mirror,RD",
    "",
    "red,corner,RD",
    "",
    "white,corner,LU",
  ],
  Array [
    "red,corner,RD",
    "",
    "white,corner,LU",
    "",
    "white,mirror,LU",
    "white,mirror,DL",
    "",
    "red,corner,UR",
    "",
    "white,corner,DL",
  ],
  Array [
    "",
    "",
    "",
    "",
    "",
    "",
    "red,corner,RD",
    "",
    "",
    "",
  ],
  Array [
    "",
    "",
    "",
    "",
    "",
    "",
    "",
    "white,corner,UR",
    "",
    "",
  ],
  Array [
    "",
    "",
    "white,corner,LU",
    "white,block,U",
    "white,king",
    "white,block,U",
    "",
    "",
    "",
    "white,laser,U",
  ],
]
`;
