// Jest Snapshot v1, https://goo.gl/fbAQLP

exports[`Laser Chess to ASCII visualises the board using ascii characters 1`] = `
"game setup complete
    a b c d e f g h i j

0   [31m⇣ [0m[2m· [0m[2m  [0m[2m  [0m[31m⤩ [0m[31m♔ [0m[31m⤩ [0m[31m◸ [0m[31m[2m· [0m[2m· [0m
1   [31m[2m· [0m[2m  [0m[31m◹ [0m[2m  [0m[2m  [0m[2m  [0m[2m  [0m[2m  [0m[2m  [0m[2m· [0m
2   [31m[2m· [0m[2m  [0m[2m  [0m◿ [2m  [0m[2m  [0m[2m  [0m[2m  [0m[2m  [0m[2m· [0m
3   [31m◺ [0m[2m  [0m◹ [2m  [0m[31m⟍ [0m[31m⟋ [0m[2m  [0m[31m◸ [0m[2m  [0m◿ 
4   [31m◸ [0m[2m  [0m◿ [2m  [0m⟋ ⟍ [2m  [0m[31m◺ [0m[2m  [0m◹ 
5   [31m[2m· [0m[2m  [0m[2m  [0m[2m  [0m[2m  [0m[2m  [0m[31m◸ [0m[2m  [0m[2m  [0m[2m· [0m
6   [31m[2m· [0m[2m  [0m[2m  [0m[2m  [0m[2m  [0m[2m  [0m[2m  [0m◺ [2m  [0m[2m· [0m
7   [31m[2m· [0m[2m· [0m◿ ⤧ ♔ ⤧ [2m  [0m[2m  [0m[31m[2m· [0m⇡ "
`;
